\BOOKMARK [0][-]{section*.1}{\376\377\144\130\000\040\000\040\000\040\000\040\000\040\211\201}{}% 1
\BOOKMARK [0][-]{section*.3}{\376\377\000A\000b\000s\000t\000r\000a\000c\000t\000\040}{}% 2
\BOOKMARK [0][-]{section*.6}{\376\377\143\322\126\376\166\356\137\125}{}% 3
\BOOKMARK [0][-]{section*.8}{\376\377\210\150\150\074\166\356\137\125}{}% 4
\BOOKMARK [0][-]{section*.10}{\376\377\173\227\154\325\166\356\137\125}{}% 5
\BOOKMARK [0][-]{section*.12}{\376\377\147\057\213\355\116\016\173\046\123\367\122\027\210\150}{}% 6
\BOOKMARK [0][-]{chapter.1}{\376\377\176\352\213\272}{}% 7
\BOOKMARK [1][-]{section.1.1}{\376\377\170\024\172\166\200\314\146\157\123\312\141\017\116\111}{chapter.1}% 8
\BOOKMARK [2][-]{subsection.1.1.1}{\376\377\137\256\127\213\145\340\116\272\147\072}{section.1.1}% 9
\BOOKMARK [2][-]{subsection.1.1.2}{\376\377\137\256\127\213\145\340\116\272\147\072\226\306\177\244\123\117\117\134\230\336\210\114}{section.1.1}% 10
\BOOKMARK [1][-]{section.1.2}{\376\377\170\024\172\166\140\035\215\357\116\016\143\021\142\030}{chapter.1}% 11
\BOOKMARK [1][-]{section.1.3}{\376\377\170\024\172\166\166\356\150\007\116\016\121\205\133\271}{chapter.1}% 12
\BOOKMARK [1][-]{section.1.4}{\376\377\213\272\145\207\176\304\176\307\176\323\147\204}{chapter.1}% 13
\BOOKMARK [0][-]{chapter.2}{\376\377\170\024\172\166\163\260\162\266}{}% 14
\BOOKMARK [1][-]{section.2.1}{\376\377\145\340\116\272\147\072\226\306\177\244\123\117\124\014\133\232\117\115}{chapter.2}% 15
\BOOKMARK [2][-]{subsection.2.1.1}{\376\377\127\372\116\216\215\205\133\275\136\046\166\204\155\113\215\335\142\200\147\057}{section.2.1}% 16
\BOOKMARK [2][-]{subsection.2.1.2}{\376\377\127\372\116\216\215\335\171\273\166\204\166\370\133\371\133\232\117\115\173\227\154\325}{section.2.1}% 17
\BOOKMARK [1][-]{section.2.2}{\376\377\145\340\116\272\147\072\201\352\116\073\133\374\202\052}{chapter.2}% 18
\BOOKMARK [2][-]{subsection.2.2.1}{\376\377\127\372\116\216\137\072\123\026\133\146\116\140\166\204\201\352\116\073\133\374\202\052}{section.2.2}% 19
\BOOKMARK [2][-]{subsection.2.2.2}{\376\377\122\006\136\003\137\017\137\072\123\026\133\146\116\140}{section.2.2}% 20
\BOOKMARK [1][-]{section.2.3}{\376\377\170\024\172\166\163\260\162\266\134\017\176\323}{chapter.2}% 21
\BOOKMARK [0][-]{chapter.3}{\376\377\145\340\116\272\147\072\226\306\177\244\234\201\150\322\155\113\215\335\116\016\201\352\220\002\136\224\166\370\133\371\133\232\117\115}{}% 22
\BOOKMARK [1][-]{section.3.1}{\376\377\137\025\212\000}{chapter.3}% 23
\BOOKMARK [1][-]{section.3.2}{\376\377\127\372\116\216\215\205\133\275\136\046\166\204\234\201\150\322\226\306\177\244\155\113\215\335\123\117\213\256}{chapter.3}% 24
\BOOKMARK [2][-]{subsection.3.2.1}{\376\377\226\306\177\244\155\113\215\335\166\204\163\260\147\011\226\276\230\230\116\016\122\250\147\072\122\006\147\220}{section.3.2}% 25
\BOOKMARK [2][-]{subsection.3.2.2}{\376\377\127\372\116\216\142\160\122\250\166\204\164\006\213\272\122\006\147\220}{section.3.2}% 26
\BOOKMARK [2][-]{subsection.3.2.3}{\376\377\147\103\210\141\155\113\215\335\147\072\122\066\166\204\213\276\213\241}{section.3.2}% 27
\BOOKMARK [2][-]{subsection.3.2.4}{\376\377\147\000\117\030\142\160\122\250\220\011\142\351\173\126\165\145}{section.3.2}% 28
\BOOKMARK [1][-]{section.3.3}{\376\377\201\352\220\002\136\224\166\370\133\371\133\232\117\115\173\227\154\325}{chapter.3}% 29
\BOOKMARK [2][-]{subsection.3.3.1}{\376\377\174\373\176\337\133\232\116\111\116\016\225\356\230\230\136\372\152\041}{section.3.3}% 30
\BOOKMARK [2][-]{subsection.3.3.2}{\376\377\142\151\134\125\123\141\134\024\146\374\156\344\154\342\136\372\152\041\116\016\122\006\147\220}{section.3.3}% 31
\BOOKMARK [2][-]{subsection.3.3.3}{\376\377\127\372\116\216\147\037\147\033\147\000\131\047\123\026\173\227\154\325\166\204\201\352\220\002\136\224\133\232\117\115\173\227\154\325}{section.3.3}% 32
\BOOKMARK [1][-]{section.3.4}{\376\377\133\236\232\214\213\276\177\156\116\016\176\323\147\234\122\006\147\220}{chapter.3}% 33
\BOOKMARK [2][-]{subsection.3.4.1}{\376\377\000D\000W\0003\0000\0000\0000\166\204\145\366\224\237\120\117\171\373\116\016\131\004\164\006\145\366\225\364\232\214\213\301}{section.3.4}% 34
\BOOKMARK [2][-]{subsection.3.4.2}{\376\377\131\047\211\304\152\041\226\306\177\244\155\113\215\335\166\204\116\377\167\037\234\201\150\322\140\047\122\006\147\220}{section.3.4}% 35
\BOOKMARK [2][-]{subsection.3.4.3}{\376\377\167\037\133\236\116\026\165\114\116\055\166\204\234\201\150\322\226\306\177\244\155\113\215\335\123\117\213\256\140\047\200\375}{section.3.4}% 36
\BOOKMARK [2][-]{subsection.3.4.4}{\376\377\201\352\220\002\136\224\166\370\133\371\133\232\117\115\173\227\154\325\140\047\200\375}{section.3.4}% 37
\BOOKMARK [2][-]{subsection.3.4.5}{\376\377\131\047\127\213\226\306\177\244\177\026\226\037\230\336\210\114\133\236\232\214}{section.3.4}% 38
\BOOKMARK [1][-]{section.3.5}{\376\377\147\054\172\340\134\017\202\202}{chapter.3}% 39
\BOOKMARK [0][-]{chapter.4}{\376\377\145\340\116\272\147\072\230\316\226\151\141\037\167\345\166\204\201\352\116\073\202\052\145\271\154\325}{}% 40
\BOOKMARK [1][-]{section.4.1}{\376\377\137\025\212\000}{chapter.4}% 41
\BOOKMARK [1][-]{section.4.2}{\376\377\127\372\116\216\122\006\136\003\137\017\137\072\123\026\133\146\116\140\166\204\133\374\202\052\152\041\127\213\147\204\136\372\116\016\213\255\176\303}{chapter.4}% 42
\BOOKMARK [2][-]{subsection.4.2.1}{\376\377\225\356\230\230\133\232\116\111\116\016\131\126\122\261\121\375\145\160\213\276\213\241}{section.4.2}% 43
\BOOKMARK [2][-]{subsection.4.2.2}{\376\377\201\352\220\002\136\224\230\316\226\151\120\076\124\021\226\220\137\017\122\006\117\115\145\160\177\121\176\334}{section.4.2}% 44
\BOOKMARK [2][-]{subsection.4.2.3}{\376\377\177\121\176\334\152\041\127\213\176\323\147\204\213\276\213\241\116\016\133\236\163\260\145\271\154\325}{section.4.2}% 45
\BOOKMARK [2][-]{subsection.4.2.4}{\376\377\152\041\127\213\213\255\176\303\116\016\152\041\142\337\133\236\232\214\176\323\147\234\122\006\147\220}{section.4.2}% 46
\BOOKMARK [1][-]{section.4.3}{\376\377\127\372\116\216\122\006\136\003\137\017\137\072\123\026\133\146\116\140\166\204\133\374\202\052\152\041\127\213\220\350\177\162\116\016\232\214\213\301}{chapter.4}% 47
\BOOKMARK [2][-]{subsection.4.3.1}{\376\377\220\350\177\162\135\345\121\167\116\016\220\350\177\162\136\163\123\360}{section.4.3}% 48
\BOOKMARK [2][-]{subsection.4.3.2}{\376\377\177\121\176\334\152\041\127\213\166\204\221\317\123\026\116\016\220\350\177\162}{section.4.3}% 49
\BOOKMARK [2][-]{subsection.4.3.3}{\376\377\167\037\147\072\133\236\232\214\176\323\147\234\122\006\147\220}{section.4.3}% 50
\BOOKMARK [1][-]{section.4.4}{\376\377\147\054\172\340\134\017\176\323}{chapter.4}% 51
\BOOKMARK [0][-]{chapter.5}{\376\377\137\256\127\213\145\340\116\272\147\072\226\306\177\244\155\113\215\335\116\016\201\352\116\073\133\374\202\052\123\237\127\213\174\373\176\337}{}% 52
\BOOKMARK [1][-]{section.5.1}{\376\377\137\025\212\000}{chapter.5}% 53
\BOOKMARK [1][-]{section.5.2}{\376\377\174\373\176\337\170\154\116\366\176\304\142\020}{chapter.5}% 54
\BOOKMARK [2][-]{subsection.5.2.1}{\376\377\145\340\116\272\147\072\136\163\123\360}{section.5.2}% 55
\BOOKMARK [2][-]{subsection.5.2.2}{\376\377\131\026\220\350\166\321\143\247\136\163\123\360}{section.5.2}% 56
\BOOKMARK [1][-]{section.5.3}{\376\377\174\373\176\337\217\157\116\366\152\041\127\127}{chapter.5}% 57
\BOOKMARK [2][-]{subsection.5.3.1}{\376\377\215\337\226\217\116\016\220\177\226\234\152\041\127\127}{section.5.3}% 58
\BOOKMARK [2][-]{subsection.5.3.2}{\376\377\220\032\117\341\152\041\127\127}{section.5.3}% 59
\BOOKMARK [2][-]{subsection.5.3.3}{\376\377\230\336\210\114\143\247\122\066\152\041\127\127}{section.5.3}% 60
\BOOKMARK [1][-]{section.5.4}{\376\377\174\373\176\337\220\350\177\162\116\016\217\320\210\114\145\271\150\110}{chapter.5}% 61
\BOOKMARK [1][-]{section.5.5}{\376\377\174\373\176\337\155\113\213\325\116\016\217\320\210\114\176\323\147\234}{chapter.5}% 62
\BOOKMARK [1][-]{section.5.6}{\376\377\147\054\172\340\134\017\176\323}{chapter.5}% 63
\BOOKMARK [0][-]{chapter.6}{\376\377\140\073\176\323\116\016\134\125\147\033}{}% 64
\BOOKMARK [1][-]{section.6.1}{\376\377\213\272\145\207\140\073\176\323}{chapter.6}% 65
\BOOKMARK [1][-]{section.6.2}{\376\377\124\016\176\355\170\024\172\166\145\271\124\021}{chapter.6}% 66
\BOOKMARK [2][-]{subsection.6.2.1}{\376\377\226\306\177\244\155\113\215\335\116\016\201\352\220\002\136\224\133\232\117\115\145\271\154\325\166\204\217\333\116\000\153\145\170\024\172\166\377\010\173\054\116\011\172\340\377\011}{section.6.2}% 67
\BOOKMARK [2][-]{subsection.6.2.2}{\376\377\230\316\226\151\141\037\167\345\137\072\123\026\133\146\116\140\133\374\202\052\145\271\154\325\166\204\155\361\123\026\170\024\172\166\377\010\173\054\126\333\172\340\377\011}{section.6.2}% 68
\BOOKMARK [2][-]{subsection.6.2.3}{\376\377\174\373\176\337\226\306\142\020\116\016\131\032\147\072\123\117\124\014\200\375\122\233\143\320\123\107\377\010\173\054\116\224\172\340\377\011}{section.6.2}% 69
\BOOKMARK [0][-]{section*.77}{\376\377\201\364\000\040\000\040\000\040\000\040\000\040\214\042}{}% 70
\BOOKMARK [0][-]{section*.79}{\376\377\123\302\200\003\145\207\163\056}{}% 71
